// Vitest Snapshot v1, https://vitest.dev/guide/snapshot.html

exports[`TaskList > applies responsive max height for long lists 1`] = `
<div>
  <div
    class="w-full space-y-3 md:w-auto"
  >
    <input
      class="w-full bg-transparent border-0 px-0 py-1 outline-none placeholder:text-muted-foreground"
      placeholder="Search tasks..."
      type="text"
      value=""
    />
    <div
      class="flex items-center justify-between"
    >
      <div
        aria-label="Task filter"
        class="flex gap-2 items-center"
        role="tablist"
      >
        <button
          aria-selected="true"
          class="bg-transparent px-3 py-1 text-sm border-b-2 transition border-black dark:border-white"
          role="tab"
          type="button"
        >
          All
        </button>
        <button
          aria-selected="false"
          class="bg-transparent px-3 py-1 text-sm border-b-2 transition border-transparent"
          role="tab"
          type="button"
        >
          Overdue
        </button>
        <button
          aria-selected="false"
          class="bg-transparent px-3 py-1 text-sm border-b-2 transition border-transparent"
          role="tab"
          type="button"
        >
          Today
        </button>
        <button
          aria-selected="false"
          class="bg-transparent px-3 py-1 text-sm border-b-2 transition border-transparent"
          role="tab"
          type="button"
        >
          Archive
        </button>
        <div
          class="relative ml-2"
        >
          <svg
            class="lucide lucide-tag pointer-events-none absolute left-2 top-1/2 h-4 w-4 -translate-y-1/2 text-slate-500"
            fill="none"
            height="24"
            stroke="currentColor"
            stroke-linecap="round"
            stroke-linejoin="round"
            stroke-width="2"
            viewBox="0 0 24 24"
            width="24"
            xmlns="http://www.w3.org/2000/svg"
          >
            <path
              d="M12.586 2.586A2 2 0 0 0 11.172 2H4a2 2 0 0 0-2 2v7.172a2 2 0 0 0 .586 1.414l8.704 8.704a2.426 2.426 0 0 0 3.42 0l6.58-6.58a2.426 2.426 0 0 0 0-3.42z"
            />
            <circle
              cx="7.5"
              cy="7.5"
              fill="currentColor"
              r=".5"
            />
          </svg>
          <select
            aria-label="Subject filter"
            class="appearance-none rounded-full border border-slate-200 bg-slate-100 py-1.5 pl-8 pr-8 text-sm text-slate-800 shadow-sm transition hover:bg-slate-50 focus-visible:outline-none focus-visible:ring-2 focus-visible:ring-indigo-500 focus-visible:ring-offset-2 dark:border-slate-700 dark:bg-slate-800/60 dark:text-slate-200 dark:hover:bg-slate-800"
            title="Filter by subject"
          >
            <option
              value=""
            >
              All subjects
            </option>
          </select>
          <svg
            class="lucide lucide-chevron-down pointer-events-none absolute right-2 top-1/2 h-4 w-4 -translate-y-1/2 text-slate-500"
            fill="none"
            height="24"
            stroke="currentColor"
            stroke-linecap="round"
            stroke-linejoin="round"
            stroke-width="2"
            viewBox="0 0 24 24"
            width="24"
            xmlns="http://www.w3.org/2000/svg"
          >
            <path
              d="m6 9 6 6 6-6"
            />
          </svg>
        </div>
        <div
          class="relative ml-2"
        >
          <svg
            class="lucide lucide-flag pointer-events-none absolute left-2 top-1/2 h-4 w-4 -translate-y-1/2 text-slate-500"
            fill="none"
            height="24"
            stroke="currentColor"
            stroke-linecap="round"
            stroke-linejoin="round"
            stroke-width="2"
            viewBox="0 0 24 24"
            width="24"
            xmlns="http://www.w3.org/2000/svg"
          >
            <path
              d="M4 15s1-1 4-1 5 2 8 2 4-1 4-1V3s-1 1-4 1-5-2-8-2-4 1-4 1z"
            />
            <line
              x1="4"
              x2="4"
              y1="22"
              y2="15"
            />
          </svg>
          <select
            aria-label="Priority filter"
            class="appearance-none rounded-full border border-slate-200 bg-slate-100 py-1.5 pl-8 pr-8 text-sm text-slate-800 shadow-sm transition hover:bg-slate-50 focus-visible:outline-none focus-visible:ring-2 focus-visible:ring-indigo-500 focus-visible:ring-offset-2 dark:border-slate-700 dark:bg-slate-800/60 dark:text-slate-200 dark:hover:bg-slate-800"
            title="Filter by priority"
          >
            <option
              value=""
            >
              All priorities
            </option>
            <option
              value="HIGH"
            >
              High
            </option>
            <option
              value="MEDIUM"
            >
              Medium
            </option>
            <option
              value="LOW"
            >
              Low
            </option>
          </select>
          <svg
            class="lucide lucide-chevron-down pointer-events-none absolute right-2 top-1/2 h-4 w-4 -translate-y-1/2 text-slate-500"
            fill="none"
            height="24"
            stroke="currentColor"
            stroke-linecap="round"
            stroke-linejoin="round"
            stroke-width="2"
            viewBox="0 0 24 24"
            width="24"
            xmlns="http://www.w3.org/2000/svg"
          >
            <path
              d="m6 9 6 6 6-6"
            />
          </svg>
        </div>
      </div>
      <p
        class="text-xs text-gray-500 dark:text-gray-400"
      >
        0
         archived
      </p>
    </div>
    <div>
      <div
        data-testid="sortable-context"
      >
        <div
          class="overflow-auto max-h-[50vh] md:max-h-[600px]"
          data-testid="task-scroll"
        >
          <div
            style="height: 0px; position: relative;"
          />
        </div>
      </div>
    </div>
  </div>
</div>
`;
